V3 3
FL /home/sbosse/proj/conpro2/src/vhdl/xilinx/type_conv.vhdl 2009/07/28.19:56:25 J.36
EN work/MOD_type_conv 1248803795 \
      FL /home/sbosse/proj/conpro2/src/vhdl/xilinx/type_conv.vhdl \
      PB ieee/std_logic_1164 1177545575 PB ieee/std_logic_arith 1177545576 \
      PB ieee/STD_LOGIC_UNSIGNED 1177545583 PH ieee/NUMERIC_STD 1177545583
AR work/MOD_type_conv/main 1248803796 \
      FL /home/sbosse/proj/conpro2/src/vhdl/xilinx/type_conv.vhdl \
      EN work/MOD_type_conv 1248803795
